// Jest Snapshot v1, https://goo.gl/fbAQLP

exports[`getReturnOfExpression getReturnOfExpression(increment) (type) should match snapshot 1`] = `"{ type: \\"INCREMENT\\"; }"`;
